-------------------------------------Primer parte--------------------------------------------------

USER@DESKTOP-NRTG9M9 MINGW64 ~/Documents/TercerExamenXideral
$ git init
Initialized empty Git repository in C:/Users/USER/Documents/TercerExamenXideral/.git/

USER@DESKTOP-NRTG9M9 MINGW64 ~/Documents/TercerExamenXideral (master)
$ git remote add origin https://github.com/JavierDJPSantiago/Tercer-Examen-Xideral-Git.git

USER@DESKTOP-NRTG9M9 MINGW64 ~/Documents/TercerExamenXideral (master)
$ mkdir Practica GIT

USER@DESKTOP-NRTG9M9 MINGW64 ~/Documents/TercerExamenXideral (master)
$ LS
'Practica GIT'          'comandos usados para la primer pregunta.txt'
'Preguntas examen.txt'

USER@DESKTOP-NRTG9M9 MINGW64 ~/Documents/TercerExamenXideral (master)
$ cd Practica\ GIT/

USER@DESKTOP-NRTG9M9 MINGW64 ~/Documents/TercerExamenXideral/Practica GIT (master)
$ touch Apuntes de examen.txt

USER@DESKTOP-NRTG9M9 MINGW64 ~/Documents/TercerExamenXideral/Practica GIT (master)
$ notepad Apuntes de examen.txt

USER@DESKTOP-NRTG9M9 MINGW64 ~/Documents/TercerExamenXideral/Practica GIT (master)
$ cd ..

USER@DESKTOP-NRTG9M9 MINGW64 ~/Documents/TercerExamenXideral (master)
$ git add .

USER@DESKTOP-NRTG9M9 MINGW64 ~/Documents/TercerExamenXideral (master)
$ git commit -m "12: 30 pm creación de archivo modificable para el examen: parte git"
[master (root-commit) 037a937] 12: 30 pm creación de archivo modificable para el examen: parte git
 1 file changed, 1 insertion(+)
 create mode 100644 Practica GIT/Apuntes de examen.txt

USER@DESKTOP-NRTG9M9 MINGW64 ~/Documents/TercerExamenXideral (master)
$ git push origin master
Enumerating objects: 4, done.
Counting objects: 100% (4/4), done.
Writing objects: 100% (4/4), 354 bytes | 177.00 KiB/s, done.
Total 4 (delta 0), reused 0 (delta 0), pack-reused 0
To https://github.com/JavierDJPSantiago/Tercer-Examen-Xideral-Git.git
 * [new branch]      master -> master

---------------------------------Segunda parte-------------------------------------------

USER@DESKTOP-NRTG9M9 MINGW64 ~/Documents/TercerExamenXideral (master)
$ git branch master_clon

USER@DESKTOP-NRTG9M9 MINGW64 ~/Documents/TercerExamenXideral (master)
$ git branch
* master
  master_clon

USER@DESKTOP-NRTG9M9 MINGW64 ~/Documents/TercerExamenXideral (master)
$ git checkout master_clon
Switched to branch 'master_clon'

USER@DESKTOP-NRTG9M9 MINGW64 ~/Documents/TercerExamenXideral (master_clon)
$ git add .

USER@DESKTOP-NRTG9M9 MINGW64 ~/Documents/TercerExamenXideral (master_clon)
$ git commit -m "12:35 pm añadi una nueva línea al texto desde mi rama master_clone"
[master_clon 04adfce] 12:35 pm añadi una nueva línea al texto desde mi rama master_clone
 1 file changed, 2 insertions(+)

USER@DESKTOP-NRTG9M9 MINGW64 ~/Documents/TercerExamenXideral (master_clon)
$ git push origin master_clon
Enumerating objects: 7, done.
Counting objects: 100% (7/7), done.
Delta compression using up to 4 threads
Compressing objects: 100% (2/2), done.
Writing objects: 100% (4/4), 426 bytes | 213.00 KiB/s, done.
Total 4 (delta 0), reused 0 (delta 0), pack-reused 0
remote:
remote: Create a pull request for 'master_clon' on GitHub by visiting:
remote:      https://github.com/JavierDJPSantiago/Tercer-Examen-Xideral-Git/pull/new/master_clon
remote:
To https://github.com/JavierDJPSantiago/Tercer-Examen-Xideral-Git.git
 * [new branch]      master_clon -> master_clon

USER@DESKTOP-NRTG9M9 MINGW64 ~/Documents/TercerExamenXideral (master_clon)
$ git checkout master
Switched to branch 'master'

USER@DESKTOP-NRTG9M9 MINGW64 ~/Documents/TercerExamenXideral (master)
$ git add .

USER@DESKTOP-NRTG9M9 MINGW64 ~/Documents/TercerExamenXideral (master)
$ git commit -m "12:36 pm añadi una nueva línea al texto"
[master c7a3107] 12:36 pm añadi una nueva línea al texto
 1 file changed, 2 insertions(+), 1 deletion(-)

USER@DESKTOP-NRTG9M9 MINGW64 ~/Documents/TercerExamenXideral (master)
$ git push origin master
Enumerating objects: 7, done.
Counting objects: 100% (7/7), done.
Delta compression using up to 4 threads
Compressing objects: 100% (2/2), done.
Writing objects: 100% (4/4), 401 bytes | 200.00 KiB/s, done.
Total 4 (delta 0), reused 0 (delta 0), pack-reused 0
To https://github.com/JavierDJPSantiago/Tercer-Examen-Xideral-Git.git
   037a937..c7a3107  master -> master





-----------------------------------Tercer parte--------------------------------------------------------


USER@DESKTOP-NRTG9M9 MINGW64 ~/Documents/TercerExamenXideral (master)
$ git merge master_clon
Auto-merging Practica GIT/Apuntes de examen.txt
CONFLICT (content): Merge conflict in Practica GIT/Apuntes de examen.txt
Automatic merge failed; fix conflicts and then commit the result.

USER@DESKTOP-NRTG9M9 MINGW64 ~/Documents/TercerExamenXideral (master|MERGING)
$ git diff
diff --cc Practica GIT/Apuntes de examen.txt
index 087313e,7098821..0000000
--- a/Practica GIT/Apuntes de examen.txt
+++ b/Practica GIT/Apuntes de examen.txt
@@@ -1,2 -1,3 +1,8 @@@
++<<<<<<< HEAD
 +-Mi primer línea de texto
- -Mi segunda línea de texto en la rama master
++-Mi segunda línea de texto en la rama master
++=======
+ -Mi primer linea de texto
+
+ -Mi tercer línea de texto desde mi rama master_clone
++>>>>>>> master_clon

USER@DESKTOP-NRTG9M9 MINGW64 ~/Documents/TercerExamenXideral (master|MERGING)
$ ls
'Practica GIT'/

-------------------------------------Cuarta parte------------------------------------------------------

USER@DESKTOP-NRTG9M9 MINGW64 ~/Documents/TercerExamenXideral (master|MERGING)
$ cd Practica\ GIT/

USER@DESKTOP-NRTG9M9 MINGW64 ~/Documents/TercerExamenXideral/Practica GIT (master|MERGING)
$ ls
'Apuntes de examen.txt'

USER@DESKTOP-NRTG9M9 MINGW64 ~/Documents/TercerExamenXideral/Practica GIT (master|MERGING)
$ notepad Apuntes\ de\ examen.txt

USER@DESKTOP-NRTG9M9 MINGW64 ~/Documents/TercerExamenXideral/Practica GIT (master|MERGING)
$ git add Apuntes\ de\ examen.txt

USER@DESKTOP-NRTG9M9 MINGW64 ~/Documents/TercerExamenXideral/Practica GIT (master|MERGING)
$ git commit -m "12:45 pm acepte los cambios de la rama master_clon en master"
[master 92e9aa7] 12:45 pm acepte los cambios de la rama master_clon en master

USER@DESKTOP-NRTG9M9 MINGW64 ~/Documents/TercerExamenXideral/Practica GIT (master)
$ git push origin master
Enumerating objects: 10, done.
Counting objects: 100% (10/10), done.
Delta compression using up to 4 threads
Compressing objects: 100% (2/2), done.
Writing objects: 100% (4/4), 401 bytes | 401.00 KiB/s, done.
Total 4 (delta 1), reused 0 (delta 0), pack-reused 0
remote: Resolving deltas: 100% (1/1), completed with 1 local object.
To https://github.com/JavierDJPSantiago/Tercer-Examen-Xideral-Git.git
   c7a3107..92e9aa7  master -> master